// Jest Snapshot v1, https://goo.gl/fbAQLP

exports[`<Dashboard /> should match snapshot 1`] = `
.c2 {
  margin: 0;
  padding: 0;
  color: black;
}

.c3 {
  border-top: 1px solid #ccc;
}

.c0 {
  background-color: white;
  border-radius: 0.5rem;
  padding: 0.5rem;
  box-shadow: 0 2px 6px rgba(0,0,0,0.12),0 2px 4px rgba(0,0,0,0.24);
}

.c1 {
  background-color: white;
  border-radius: 0.5rem;
  padding: 1rem;
  box-shadow: 0 2px 6px rgba(0,0,0,0.12),0 2px 4px rgba(0,0,0,0.24);
}

<div
  class="c0"
>
  <div
    class="c1"
    spacing="2"
  >
    <h2
      class="c2"
    >
      Notifications
    </h2>
    <hr
      class="c3"
    />
  </div>
</div>
`;
