// Jest Snapshot v1, https://goo.gl/fbAQLP

exports[`<Home /> should match snapshot 1`] = `
.c1 {
  margin: 0;
  padding: 0;
  color: black;
}

.c3 {
  margin: 0;
  padding: 0;
  color: black;
}

.c2 {
  border-top: 1px solid #ccc;
}

.c0 {
  max-width: 1320px;
  display: block;
  margin: 0 auto;
  padding: 1rem;
}

<div>
  <div
    class="c0"
    spacing="2"
  >
    <h1
      class="c1"
    >
      Welcome to RNS front end template
    </h1>
    <hr
      class="c2"
    />
    <span
      class="c3"
    >
      This front end template is created with extreme care and study.
    </span>
  </div>
</div>
`;
