// Jest Snapshot v1, https://goo.gl/fbAQLP

exports[`<Surface /> should render 1`] = `
.c0 {
  background-color: white;
  border-radius: 0.5rem;
  padding: 0.5rem;
  box-shadow: 0 2px 6px rgba(0,0,0,0.12),0 2px 4px rgba(0,0,0,0.24);
}

<div>
  <div
    class="c0"
  >
    Surface content
  </div>
</div>
`;
